session=0723eced-afc9-4b80-ad3a-7e6167dea223
home=C:\Users\RJBri\AppData\Local\Temp\arbe-scenario-split-bug
[tool] load_skill {"name":"session-review"}
[tool] execute {"command":"dir /b \"C:\\Users\\RJBri\\AppData\\Local\\Temp\\arbe-scenario-split-bug\\sessions\""}
[tool] execute {"command":"dir \"C:\\Users\\RJBri\\AppData\\Local\\Temp\\arbe-scenario-split-bug\\sessions\\0723eced-afc9-4b80-ad3a-7e6167dea223\""}
[tool] execute {"command":"dir \"C:\\Users\\RJBri\\AppData\\Local\\Temp\\arbe-scenario-split-bug\\sessions\\a80b43e3-9033-4c3d-8085-352f5ef505c6\""}
[tool] execute {"command":"type \"C:\\Users\\RJBri\\AppData\\Local\\Temp\\arbe-scenario-split-bug\\sessions\\0723eced-afc9-4b80-ad3a-7e6167dea223\\meta.json\""}
[tool] execute {"command":"type \"C:\\Users\\RJBri\\AppData\\Local\\Temp\\arbe-scenario-split-bug\\sessions\\a80b43e3-9033-4c3d-8085-352f5ef505c6\\meta.json\""}
[tool] execute {"command":"type \"C:\\Users\\RJBri\\AppData\\Local\\Temp\\arbe-scenario-split-bug\\sessions\\0723eced-afc9-4b80-ad3a-7e6167dea223\\turns.jsonl\""}
[tool] glob {"pattern":"scenarios/split-bug/**"}
[tool] write_file {"content":"# Session `0723eced-afc9-4b80-ad3a-7e6167dea223`\nsplit-bug, profile grok-subscription, provider grok_subscription, model grok-4.7, 1 turn, usage 3999 input / 265 output / 26368 cache read / 0 cache write tokens.\n\n**Outcome: answered.** The only turn stopped with `end_turn` and its last assistant message has non-empty text. No `in_flight.jsonl` remains. Whether that answer is correct is not in the trace; it would take the session's workdir (`D:\\ArBe-Projects\\ArBeHarness\\scenarios\\split-bug\\work`).\n\n**Process: no waste visible.** No tool result has `is_error`, no tool was called twice with the same arguments, no tool result is over 8000 characters, and the turn was not stopped by a limit. No findings.\n\nTrace:\n\n#### Turn 0\nRequest: \"test_pricing.py fails. Fix the price the customer is charged. Do not change the test. Run the test to confirm.\"\n\n- `glob` 116 chars ÔÇö `{\"pattern\":\"**/*pricing*\"}`\n- `glob` 86 chars ÔÇö `{\"pattern\":\"**/*test*\"}`\n- `read_file` 242 chars ÔÇö `{\"path\":\"test_pricing.py\"}`\n- `read_file` 174 chars ÔÇö `{\"path\":\"pricing.py\"}`\n- `glob` 209 chars ÔÇö `{\"pattern\":\"**/*\"}`\n- `grep` 465 chars ÔÇö `{\"pattern\":\"catalog_price|mug\"}`\n- `read_file` 122 chars ÔÇö `{\"path\":\"notes.txt\"}`\n- `read_file` 221 chars ÔÇö `{\"path\":\"receipt.py\"}`\n- `read_file` 112 chars ÔÇö `{\"path\":\"catalog.py\"}`\n- `edit_file` 19 chars ÔÇö `{\"find\":\"        price = price - price // 10\",\"path\":\"pricing.py\",\"replace\":\"        price = price - price * 15 // 100\"}`\n- `execute` 104 chars ÔÇö `{\"command\":\"python test_pricing.py\"}`\n\nStop: `end_turn`. Answer: \"The member discount in `pricing.py` was 10% instead of 15%. A member mug now charges `1000 - 150 = 850` cents, and `test_pricing.py` passes.\"\n","path":"scenarios/split-bug/review.md"}
# Session `0723eced-afc9-4b80-ad3a-7e6167dea223`
split-bug, profile grok-subscription, provider grok_subscription, model grok-4.7, 1 turn, usage 3999 input / 265 output / 26368 cache read / 0 cache write tokens.

**Outcome: answered.** The only turn stopped with `end_turn` and its last assistant message has non-empty text. No `in_flight.jsonl` remains. Whether that answer is correct is not in the trace; it would take the session's workdir (`D:\ArBe-Projects\ArBeHarness\scenarios\split-bug\work`).

**Process: no waste visible.** No tool result has `is_error`, no tool was called twice with the same arguments, no tool result is over 8000 characters, and the turn was not stopped by a limit. No findings.

Trace:

#### Turn 0
Request: "test_pricing.py fails. Fix the price the customer is charged. Do not change the test. Run the test to confirm."

- `glob` 116 chars ÔÇö `{"pattern":"**/*pricing*"}`
- `glob` 86 chars ÔÇö `{"pattern":"**/*test*"}`
- `read_file` 242 chars ÔÇö `{"path":"test_pricing.py"}`
- `read_file` 174 chars ÔÇö `{"path":"pricing.py"}`
- `glob` 209 chars ÔÇö `{"pattern":"**/*"}`
- `grep` 465 chars ÔÇö `{"pattern":"catalog_price|mug"}`
- `read_file` 122 chars ÔÇö `{"path":"notes.txt"}`
- `read_file` 221 chars ÔÇö `{"path":"receipt.py"}`
- `read_file` 112 chars ÔÇö `{"path":"catalog.py"}`
- `edit_file` 19 chars ÔÇö `{"find":"        price = price - price // 10","path":"pricing.py","replace":"        price = price - price * 15 // 100"}`
- `execute` 104 chars ÔÇö `{"command":"python test_pricing.py"}`

Stop: `end_turn`. Answer: "The member discount in `pricing.py` was 10% instead of 15%. A member mug now charges `1000 - 150 = 850` cents, and `test_pricing.py` passes."
