session=b7dbd032-da71-4e2c-8977-c20cc669717c
home=C:\Users\RJBri\AppData\Local\Temp\arbe-scenario-many-reads
[tool] load_skill {"name":"session-review"}
[tool] execute {"command":"dir /b \"C:\\Users\\RJBri\\AppData\\Local\\Temp\\arbe-scenario-many-reads\\sessions\""}
[tool] execute {"command":"dir \"C:\\Users\\RJBri\\AppData\\Local\\Temp\\arbe-scenario-many-reads\\sessions\\b7dbd032-da71-4e2c-8977-c20cc669717c\""}
[tool] execute {"command":"type \"C:\\Users\\RJBri\\AppData\\Local\\Temp\\arbe-scenario-many-reads\\sessions\\b7dbd032-da71-4e2c-8977-c20cc669717c\\meta.json\""}
[tool] execute {"command":"type \"C:\\Users\\RJBri\\AppData\\Local\\Temp\\arbe-scenario-many-reads\\sessions\\b7dbd032-da71-4e2c-8977-c20cc669717c\\turns.jsonl\""}
[tool] execute {"command":"type \"C:\\Users\\RJBri\\AppData\\Local\\Temp\\arbe-scenario-many-reads\\sessions\\18a770be-acec-4d82-9a2b-eee16e79c45e\\meta.json\""}
[tool] execute {"command":"dir /b \"scenarios\\many-reads\""}
[tool] write_file {"content":"# Session `b7dbd032-da71-4e2c-8977-c20cc669717c`\nmany-reads, profile grok-subscription, provider grok_subscription, model grok-4.7, 1 turn, usage 7284 input / 216 output / 5120 cache read / 0 cache write tokens.\n\n**Outcome: answered.** The last stop reason is `end_turn`, and the turn has non-empty answer text. No in-flight log remains. Whether that answer is correct is not in the trace; it would take the session's workdir.\n\n**Process: no waste visible.** No tool result has `is_error`, no tool name and arguments were repeated in the turn, no tool result is over 8000 characters, and the turn was not stopped by a limit.\n\nTrace:\n#### Turn 0\nRequest: \"Each file in services/ names one endpoint via endpoint(). Read the files and tell me which file contains the live billing endpoint. Do not use grep or glob; open the files.\"\n- `list_dir` 253 chars ÔÇö `{\"path\":\"services\"}`\n- `read_file` 90 chars ÔÇö `{\"path\":\"services/ash.py\"}`\n- `read_file` 92 chars ÔÇö `{\"path\":\"services/birch.py\"}`\n- `read_file` 92 chars ÔÇö `{\"path\":\"services/cedar.py\"}`\n- `read_file` 94 chars ÔÇö `{\"path\":\"services/dune.py\"}`\n- `read_file` 90 chars ÔÇö `{\"path\":\"services/elm.py\"}`\n- `read_file` 90 chars ÔÇö `{\"path\":\"services/fir.py\"}`\n- `read_file` 92 chars ÔÇö `{\"path\":\"services/grove.py\"}`\n- `read_file` 92 chars ÔÇö `{\"path\":\"services/heath.py\"}`\n- `read_file` 91 chars ÔÇö `{\"path\":\"services/iris.py\"}`\n- `read_file` 94 chars ÔÇö `{\"path\":\"services/juniper.py\"}`\n- `read_file` 91 chars ÔÇö `{\"path\":\"services/kelp.py\"}`\n- `read_file` 92 chars ÔÇö `{\"path\":\"services/larch.py\"}`\nStop: `end_turn`. Answer: \"**services/dune.py** contains the live billing endpoint: `https://billing.internal/live`.\"\n","path":"scenarios/many-reads/review.md"}
# Session `b7dbd032-da71-4e2c-8977-c20cc669717c`
many-reads, profile grok-subscription, provider grok_subscription, model grok-4.7, 1 turn, usage 7284 input / 216 output / 5120 cache read / 0 cache write tokens.

**Outcome: answered.** The last stop reason is `end_turn`, and the turn has non-empty answer text. No in-flight log remains. Whether that answer is correct is not in the trace; it would take the session's workdir.

**Process: no waste visible.** No tool result has `is_error`, no tool name and arguments were repeated in the turn, no tool result is over 8000 characters, and the turn was not stopped by a limit.

Trace:
#### Turn 0
Request: "Each file in services/ names one endpoint via endpoint(). Read the files and tell me which file contains the live billing endpoint. Do not use grep or glob; open the files."
- `list_dir` 253 chars ÔÇö `{"path":"services"}`
- `read_file` 90 chars ÔÇö `{"path":"services/ash.py"}`
- `read_file` 92 chars ÔÇö `{"path":"services/birch.py"}`
- `read_file` 92 chars ÔÇö `{"path":"services/cedar.py"}`
- `read_file` 94 chars ÔÇö `{"path":"services/dune.py"}`
- `read_file` 90 chars ÔÇö `{"path":"services/elm.py"}`
- `read_file` 90 chars ÔÇö `{"path":"services/fir.py"}`
- `read_file` 92 chars ÔÇö `{"path":"services/grove.py"}`
- `read_file` 92 chars ÔÇö `{"path":"services/heath.py"}`
- `read_file` 91 chars ÔÇö `{"path":"services/iris.py"}`
- `read_file` 94 chars ÔÇö `{"path":"services/juniper.py"}`
- `read_file` 91 chars ÔÇö `{"path":"services/kelp.py"}`
- `read_file` 92 chars ÔÇö `{"path":"services/larch.py"}`
Stop: `end_turn`. Answer: "**services/dune.py** contains the live billing endpoint: `https://billing.internal/live`."
