session=cc7a6c50-d4d7-4cd0-9476-c72297aaf499
home=C:\Users\RJBri\AppData\Local\Temp\arbe-scenario-fix-greeting
[tool] load_skill {"name":"session-review"}
[tool] execute {"command":"Get-ChildItem -Force \"C:\\Users\\RJBri\\AppData\\Local\\Temp\\arbe-scenario-fix-greeting\\sessions\" | Select-Object Name, Mode; Write-Host \"---SESSION---\"; Get-ChildItem -Force \"C:\\Users\\RJBri\\AppData\\Local\\Temp\\arbe-scenario-fix-greeting\\sessions\\cc7a6c50-d4d7-4cd0-9476-c72297aaf499\" | Select-Object Name, Length, Mode","timeout_secs":30}
[tool] execute {"command":"cmd /C \"dir /A \\\"C:\\Users\\RJBri\\AppData\\Local\\Temp\\arbe-scenario-fix-greeting\\sessions\\\" & echo ---SESSION--- & dir /A \\\"C:\\Users\\RJBri\\AppData\\Local\\Temp\\arbe-scenario-fix-greeting\\sessions\\cc7a6c50-d4d7-4cd0-9476-c72297aaf499\\\"\"","timeout_secs":30}
[tool] execute {"command":"cmd /C dir /A C:\\Users\\RJBri\\AppData\\Local\\Temp\\arbe-scenario-fix-greeting\\sessions","timeout_secs":30}
[tool] execute {"command":"cmd /C dir /A C:\\Users\\RJBri\\AppData\\Local\\Temp\\arbe-scenario-fix-greeting\\sessions\\cc7a6c50-d4d7-4cd0-9476-c72297aaf499 & echo ===== CHILD ===== & cmd /C dir /A C:\\Users\\RJBri\\AppData\\Local\\Temp\\arbe-scenario-fix-greeting\\sessions\\b6fec0e1-23dd-4b90-ab87-62a27b6c7e90","timeout_secs":30}
[tool] execute {"command":"cmd /C type C:\\Users\\RJBri\\AppData\\Local\\Temp\\arbe-scenario-fix-greeting\\sessions\\cc7a6c50-d4d7-4cd0-9476-c72297aaf499\\meta.json & echo. & echo ===== CHILD META ===== & cmd /C type C:\\Users\\RJBri\\AppData\\Local\\Temp\\arbe-scenario-fix-greeting\\sessions\\b6fec0e1-23dd-4b90-ab87-62a27b6c7e90\\meta.json","timeout_secs":30}
[tool] grep {"path":"docs/user-guide.md","pattern":"parent"}
[tool] execute {"command":"cmd /C type C:\\Users\\RJBri\\AppData\\Local\\Temp\\arbe-scenario-fix-greeting\\sessions\\cc7a6c50-d4d7-4cd0-9476-c72297aaf499\\turns.jsonl","timeout_secs":30}
[tool] read_file {"end_line":1060,"path":"docs/user-guide.md","start_line":980}
[tool] execute {"command":"cmd /C findstr /C:\"parent\" /C:\"session\" C:\\Users\\RJBri\\AppData\\Local\\Temp\\arbe-scenario-fix-greeting\\sessions\\b6fec0e1-23dd-4b90-ab87-62a27b6c7e90\\in_flight.jsonl","timeout_secs":30}
[tool] glob {"pattern":"scenarios/fix-greeting/**"}
[tool] write_file {"content":"# Session `cc7a6c50-d4d7-4cd0-9476-c72297aaf499`\nfix-greeting, profile grok-subscription, provider grok_subscription, model grok-4.7, 1 turn, usage input 5831 / output 163 / cache_read 9856 / cache_write 0 tokens\n\n**Outcome: answered.** The only turn stopped with `end_turn` and its last assistant message has non-empty text. No `in_flight.jsonl` remains. Whether that answer is correct is not in the trace; checking it would take the session's workdir.\n\n**Process: no waste visible.** No tool result has `is_error`, no tool name and arguments were repeated in the turn, no tool result is over 8000 characters, and the turn was not stopped by a limit. No findings.\n\nTrace:\n\n#### Turn 0\nRequest: \"test_greet.py fails. Fix greet.py so the test passes. Do not change the test. Run the test to confirm.\"\n\n- `read_file` 103 chars ÔÇö `{\"path\":\"test_greet.py\"}`\n- `read_file` 79 chars ÔÇö `{\"path\":\"greet.py\"}`\n- `edit_file` 20 chars ÔÇö `{\"find\":\"return f\\\"Helo, {name}\\\"\",\"path\":\"greet.py\",\"replace\":\"return f\\\"Hello, {name}\\\"\"}`\n- `execute` 110 chars ÔÇö `{\"command\":\"python test_greet.py\"}`\n\nStop: `end_turn`. Answer: \"`greet.py` returned `\"Helo, {name}\"` instead of `\"Hello, {name}\"`. The typo is fixed, and `test_greet.py` passes.\"\n","path":"scenarios/fix-greeting/review.md"}
# Session `cc7a6c50-d4d7-4cd0-9476-c72297aaf499`
fix-greeting, profile grok-subscription, provider grok_subscription, model grok-4.7, 1 turn, usage input 5831 / output 163 / cache_read 9856 / cache_write 0 tokens

**Outcome: answered.** The only turn stopped with `end_turn` and its last assistant message has non-empty text. No `in_flight.jsonl` remains. Whether that answer is correct is not in the trace; checking it would take the session's workdir.

**Process: no waste visible.** No tool result has `is_error`, no tool name and arguments were repeated in the turn, no tool result is over 8000 characters, and the turn was not stopped by a limit. No findings.

Trace:

#### Turn 0
Request: "test_greet.py fails. Fix greet.py so the test passes. Do not change the test. Run the test to confirm."

- `read_file` 103 chars ÔÇö `{"path":"test_greet.py"}`
- `read_file` 79 chars ÔÇö `{"path":"greet.py"}`
- `edit_file` 20 chars ÔÇö `{"find":"return f\"Helo, {name}\"","path":"greet.py","replace":"return f\"Hello, {name}\""}`
- `execute` 110 chars ÔÇö `{"command":"python test_greet.py"}`

Stop: `end_turn`. Answer: "`greet.py` returned `"Helo, {name}"` instead of `"Hello, {name}"`. The typo is fixed, and `test_greet.py` passes."
